Copyright 1986-2022 Xilinx, Inc. All Rights Reserved. Copyright 2022-2025 Advanced Micro Devices, Inc. All Rights Reserved.
-----------------------------------------------------------------------------------------------------------------------------------------------------
| Tool Version : Vivado v.2025.2 (win64) Build 6299465 Fri Nov 14 19:35:11 GMT 2025
| Date         : Fri Jul 10 16:51:21 2026
| Host         : DESKTOP-B6PV349 running 64-bit major release  (build 9200)
| Command      : report_utilization -hierarchical -hierarchical_depth 5 -file D:/ZB_AI_Vision/vivado/u96_dma_vec4_synth_hierarchical_utilization.rpt
| Design       : u96v4bd_wrapper
| Device       : xczu3eg-sbva484-1-e
| Speed File   : -1
| Design State : Synthesized
-----------------------------------------------------------------------------------------------------------------------------------------------------

Utilization Design Information

Table of Contents
-----------------
1. Utilization by Hierarchy

1. Utilization by Hierarchy
---------------------------

+-------------------------------------------------------------------+-----------------------------------------------------+------------+------------+---------+------+-------+--------+--------+------+------------+
|                              Instance                             |                        Module                       | Total LUTs | Logic LUTs | LUTRAMs | SRLs |  FFs  | RAMB36 | RAMB18 | URAM | DSP Blocks |
+-------------------------------------------------------------------+-----------------------------------------------------+------------+------------+---------+------+-------+--------+--------+------+------------+
| u96v4bd_wrapper                                                   |                                               (top) |      11243 |      10470 |     582 |  191 | 12281 |      2 |      2 |    0 |         45 |
|   u96v4bd_i                                                       |                                             u96v4bd |      11243 |      10470 |     582 |  191 | 12281 |      2 |      2 |    0 |         45 |
|     sc_hp                                                         |                                     u96v4bd_sc_hp_0 |       2121 |       1545 |     542 |   34 |  3668 |      0 |      0 |    0 |          0 |
|       inst                                                        |                             u96v4bd_sc_hp_0_bd_a3e1 |       2121 |       1545 |     542 |   34 |  3668 |      0 |      0 |    0 |          0 |
|         switchboards                                              |            u96v4bd_sc_hp_0_switchboards_imp_1HZR5CR |          2 |          2 |       0 |    0 |   459 |      0 |      0 |    0 |          0 |
|           ar_switchboard                                          |                      u96v4bd_sc_hp_0_bd_a3e1_arsw_0 |          0 |          0 |       0 |    0 |    83 |      0 |      0 |    0 |          0 |
|           aw_switchboard                                          |                      u96v4bd_sc_hp_0_bd_a3e1_awsw_0 |          1 |          1 |       0 |    0 |    83 |      0 |      0 |    0 |          0 |
|           r_switchboard                                           |                       u96v4bd_sc_hp_0_bd_a3e1_rsw_0 |          0 |          0 |       0 |    0 |   139 |      0 |      0 |    0 |          0 |
|           w_switchboard                                           |                       u96v4bd_sc_hp_0_bd_a3e1_wsw_0 |          1 |          1 |       0 |    0 |   148 |      0 |      0 |    0 |          0 |
|         m00_exit_pipeline                                         |        u96v4bd_sc_hp_0_m00_exit_pipeline_imp_HR9712 |        323 |        305 |       0 |   18 |   832 |      0 |      0 |    0 |          0 |
|           m00_exit                                                |                      u96v4bd_sc_hp_0_bd_a3e1_m00e_0 |        323 |        305 |       0 |   18 |   832 |      0 |      0 |    0 |          0 |
|         m00_nodes                                                 |                u96v4bd_sc_hp_0_m00_nodes_imp_V0MRCQ |        685 |        412 |     272 |    1 |   740 |      0 |      0 |    0 |          0 |
|           m00_ar_node                                             |                    u96v4bd_sc_hp_0_bd_a3e1_m00arn_0 |        122 |         74 |      48 |    0 |   130 |      0 |      0 |    0 |          0 |
|           m00_aw_node                                             |                    u96v4bd_sc_hp_0_bd_a3e1_m00awn_0 |        133 |         92 |      40 |    1 |   131 |      0 |      0 |    0 |          0 |
|           m00_b_node                                              |                     u96v4bd_sc_hp_0_bd_a3e1_m00bn_0 |         91 |         81 |      10 |    0 |    68 |      0 |      0 |    0 |          0 |
|           m00_r_node                                              |                     u96v4bd_sc_hp_0_bd_a3e1_m00rn_0 |        169 |         81 |      88 |    0 |   201 |      0 |      0 |    0 |          0 |
|           m00_w_node                                              |                     u96v4bd_sc_hp_0_bd_a3e1_m00wn_0 |        170 |         84 |      86 |    0 |   210 |      0 |      0 |    0 |          0 |
|         s00_entry_pipeline                                        |      u96v4bd_sc_hp_0_s00_entry_pipeline_imp_1GE90WL |        179 |        179 |       0 |    0 |   337 |      0 |      0 |    0 |          0 |
|           s00_mmu                                                 |                    u96v4bd_sc_hp_0_bd_a3e1_s00mmu_0 |        157 |        157 |       0 |    0 |   330 |      0 |      0 |    0 |          0 |
|         s00_nodes                                                 |               u96v4bd_sc_hp_0_s00_nodes_imp_1B0GE6N |        312 |        184 |     128 |    0 |   332 |      0 |      0 |    0 |          0 |
|           s00_ar_node                                             |                      u96v4bd_sc_hp_0_bd_a3e1_sarn_0 |        124 |         76 |      48 |    0 |   139 |      0 |      0 |    0 |          0 |
|           s00_r_node                                              |                       u96v4bd_sc_hp_0_bd_a3e1_srn_0 |        188 |        108 |      80 |    0 |   193 |      0 |      0 |    0 |          0 |
|         s01_entry_pipeline                                        |       u96v4bd_sc_hp_0_s01_entry_pipeline_imp_B00GLD |        229 |        215 |       0 |   14 |   376 |      0 |      0 |    0 |          0 |
|           s01_mmu                                                 |                    u96v4bd_sc_hp_0_bd_a3e1_s01mmu_0 |        150 |        150 |       0 |    0 |   346 |      0 |      0 |    0 |          0 |
|           s01_si_converter                                        |                    u96v4bd_sc_hp_0_bd_a3e1_s01sic_0 |         78 |         64 |       0 |   14 |    27 |      0 |      0 |    0 |          0 |
|         s01_nodes                                                 |                u96v4bd_sc_hp_0_s01_nodes_imp_EJ5Y2H |        377 |        235 |     142 |    0 |   562 |      0 |      0 |    0 |          0 |
|           s01_aw_node                                             |                      u96v4bd_sc_hp_0_bd_a3e1_sawn_0 |        124 |         76 |      48 |    0 |   139 |      0 |      0 |    0 |          0 |
|           s01_b_node                                              |                       u96v4bd_sc_hp_0_bd_a3e1_sbn_0 |         73 |         69 |       4 |    0 |    55 |      0 |      0 |    0 |          0 |
|           s01_w_node                                              |                       u96v4bd_sc_hp_0_bd_a3e1_swn_0 |        180 |         90 |      90 |    0 |   368 |      0 |      0 |    0 |          0 |
|     dma                                                           |                                       u96v4bd_dma_0 |       1381 |       1223 |       8 |  150 |  1868 |      2 |      0 |    0 |          0 |
|       U0                                                          |                               u96v4bd_dma_0_axi_dma |       1381 |       1223 |       8 |  150 |  1868 |      2 |      0 |    0 |          0 |
|         I_PRMRY_DATAMOVER                                         |                         u96v4bd_dma_0_axi_datamover |       1178 |       1020 |       8 |  150 |  1425 |      2 |      0 |    0 |          0 |
|           GEN_MM2S_FULL.I_MM2S_FULL_WRAPPER                       |          u96v4bd_dma_0_axi_datamover_mm2s_full_wrap |        396 |        341 |       0 |   55 |   461 |      1 |      0 |    0 |          0 |
|           GEN_S2MM_FULL.I_S2MM_FULL_WRAPPER                       |          u96v4bd_dma_0_axi_datamover_s2mm_full_wrap |        782 |        679 |       8 |   95 |   964 |      1 |      0 |    0 |          0 |
|         INCLUDE_MM2S_SOF_EOF_GENERATOR.I_MM2S_DMA_MNGR            |                     u96v4bd_dma_0_axi_dma_mm2s_mngr |         14 |         14 |       0 |    0 |    64 |      0 |      0 |    0 |          0 |
|           GEN_MM2S_DMA_CONTROL.GEN_SIMPLE_DMA_MODE.I_MM2S_SMPL_SM |                   u96v4bd_dma_0_axi_dma_smple_sm_20 |          9 |          9 |       0 |    0 |    53 |      0 |      0 |    0 |          0 |
|         INCLUDE_S2MM_SOF_EOF_GENERATOR.I_S2MM_DMA_MNGR            |                     u96v4bd_dma_0_axi_dma_s2mm_mngr |         22 |         22 |       0 |    0 |    80 |      0 |      0 |    0 |          0 |
|           GEN_S2MM_DMA_CONTROL.GEN_SIMPLE_DMA_MODE.I_S2MM_SMPL_SM |                      u96v4bd_dma_0_axi_dma_smple_sm |          9 |          9 |       0 |    0 |    53 |      0 |      0 |    0 |          0 |
|         I_AXI_DMA_REG_MODULE                                      |                    u96v4bd_dma_0_axi_dma_reg_module |        133 |        133 |       0 |    0 |   243 |      0 |      0 |    0 |          0 |
|           GEN_S2MM_REGISTERS.I_S2MM_DMA_REGISTER                  |                 u96v4bd_dma_0_axi_dma_register_s2mm |         12 |         12 |       0 |    0 |    79 |      0 |      0 |    0 |          0 |
|           GEN_AXI_LITE_IF.AXI_LITE_IF_I                           |                       u96v4bd_dma_0_axi_dma_lite_if |        102 |        102 |       0 |    0 |    85 |      0 |      0 |    0 |          0 |
|           GEN_MM2S_REGISTERS.I_MM2S_DMA_REGISTER                  |                      u96v4bd_dma_0_axi_dma_register |         17 |         17 |       0 |    0 |    79 |      0 |      0 |    0 |          0 |
|     pre                                                           |                                       u96v4bd_pre_0 |       6499 |       6462 |      32 |    5 |  5673 |      0 |      2 |    0 |         45 |
|       inst                                                        |       u96v4bd_pre_0_axis_preprocess_vector_axi_lite |       6499 |       6462 |      32 |    5 |  5673 |      0 |      2 |    0 |         45 |
|         (inst)                                                    |       u96v4bd_pre_0_axis_preprocess_vector_axi_lite |        417 |        417 |       0 |    0 |  1730 |      0 |      0 |    0 |          0 |
|         conv_path                                                 |      u96v4bd_pre_0_axis_conv3x3_parallel_preprocess |       2131 |       2129 |       0 |    2 |  1199 |      0 |      0 |    0 |          9 |
|         sobel_path                                                |                 u96v4bd_pre_0_axis_sobel_preprocess |        399 |        366 |      32 |    1 |   375 |      0 |      2 |    0 |          0 |
|           (sobel_path)                                            |                 u96v4bd_pre_0_axis_sobel_preprocess |         78 |         78 |       0 |    0 |    92 |      0 |      2 |    0 |          0 |
|           sobel_engine                                            |                    u96v4bd_pre_0_image_sobel_engine |        321 |        288 |      32 |    1 |   283 |      0 |      0 |    0 |          0 |
|         threshold_path                                            |             u96v4bd_pre_0_axis_threshold_preprocess |         73 |         73 |       0 |    0 |    81 |      0 |      0 |    0 |          0 |
|         vector_path                                               |       u96v4bd_pre_0_axis_conv3x3_vector4_preprocess |       3479 |       3477 |       0 |    2 |  2288 |      0 |      0 |    0 |         36 |
|     ps                                                            |                                        u96v4bd_ps_0 |        264 |        264 |       0 |    0 |     0 |      0 |      0 |    0 |          0 |
|       inst                                                        | u96v4bd_ps_0_zynq_ultra_ps_e_v3_5_8_zynq_ultra_ps_e |        264 |        264 |       0 |    0 |     0 |      0 |      0 |    0 |          0 |
|     sc_ctrl                                                       |                                   u96v4bd_sc_ctrl_0 |        959 |        958 |       0 |    1 |  1032 |      0 |      0 |    0 |          0 |
|       inst                                                        |                           u96v4bd_sc_ctrl_0_bd_0808 |        959 |        958 |       0 |    1 |  1032 |      0 |      0 |    0 |          0 |
|         s00_entry_pipeline                                        |     u96v4bd_sc_ctrl_0_s00_entry_pipeline_imp_YPX5QE |        728 |        728 |       0 |    0 |   667 |      0 |      0 |    0 |          0 |
|           s00_mmu                                                 |                  u96v4bd_sc_ctrl_0_bd_0808_s00mmu_0 |        242 |        242 |       0 |    0 |   266 |      0 |      0 |    0 |          0 |
|           s00_si_converter                                        |                  u96v4bd_sc_ctrl_0_bd_0808_s00sic_0 |        476 |        476 |       0 |    0 |   361 |      0 |      0 |    0 |          0 |
|         switchboards                                              |            u96v4bd_sc_ctrl_0_switchboards_imp_Y7OZS |        105 |        105 |       0 |    0 |   193 |      0 |      0 |    0 |          0 |
|           i_nodes                                                 |               u96v4bd_sc_ctrl_0_i_nodes_imp_1JANU5S |         87 |         87 |       0 |    0 |   193 |      0 |      0 |    0 |          0 |
+-------------------------------------------------------------------+-----------------------------------------------------+------------+------------+---------+------+-------+--------+--------+------+------------+


